---
source: crates/llm/src/golden_tests.rs
description: src/tests/response/completions/stream-gemini_thinking.json
---
data: {"choices":[{"delta":{"content":"Neptune was found","role":"assistant"},"index":0}],"created":123,"id":"9W7VaabzK7KPjMcPnYGiuAU","model":"google/gemini-3.8-flash","object":"chat.completion.chunk","system_fingerprint":""}

data: {"choices":[{"delta":{"content":" by mathematics.","role":"assistant"},"finish_reason":"stop","index":0}],"created":123,"id":"9W7VaabzK7KPjMcPnYGiuAU","model":"google/gemini-3.8-flash","object":"chat.completion.chunk","system_fingerprint":"","usage":{"completion_tokens":30,"completion_tokens_details":{"reasoning_tokens":20},"prompt_tokens":19,"total_tokens":69}}

data: [DONE]



{
  "input_tokens": 19,
  "output_tokens": 50,
  "total_tokens": 69,
  "reasoning_tokens": 20,
  "provider_model": "google/gemini-3.8-flash",
  "completion": [
    "Neptune was found by mathematics."
  ]
}
